------------------------------------------------------------
Timing Analyzer Summary
------------------------------------------------------------

Type  : Slow 1200mV 85C Model Setup 'reset'
Slack : -1.768
TNS   : -3.515

Type  : Slow 1200mV 85C Model Setup 'clk'
Slack : -1.728
TNS   : -2.540

Type  : Slow 1200mV 85C Model Hold 'clk'
Slack : 0.380
TNS   : 0.000

Type  : Slow 1200mV 85C Model Hold 'reset'
Slack : 1.368
TNS   : 0.000

Type  : Slow 1200mV 85C Model Recovery 'clk'
Slack : -1.498
TNS   : -5.992

Type  : Slow 1200mV 85C Model Removal 'clk'
Slack : 1.335
TNS   : 0.000

Type  : Slow 1200mV 85C Model Minimum Pulse Width 'clk'
Slack : -3.000
TNS   : -8.612

Type  : Slow 1200mV 85C Model Minimum Pulse Width 'reset'
Slack : -3.000
TNS   : -3.000

Type  : Slow 1200mV 0C Model Setup 'reset'
Slack : -1.644
TNS   : -3.272

Type  : Slow 1200mV 0C Model Setup 'clk'
Slack : -1.500
TNS   : -1.960

Type  : Slow 1200mV 0C Model Hold 'clk'
Slack : 0.323
TNS   : 0.000

Type  : Slow 1200mV 0C Model Hold 'reset'
Slack : 1.353
TNS   : 0.000

Type  : Slow 1200mV 0C Model Recovery 'clk'
Slack : -1.227
TNS   : -4.908

Type  : Slow 1200mV 0C Model Removal 'clk'
Slack : 1.238
TNS   : 0.000

Type  : Slow 1200mV 0C Model Minimum Pulse Width 'clk'
Slack : -3.000
TNS   : -8.612

Type  : Slow 1200mV 0C Model Minimum Pulse Width 'reset'
Slack : -3.000
TNS   : -3.000

Type  : Fast 1200mV 0C Model Setup 'clk'
Slack : -0.866
TNS   : -0.866

Type  : Fast 1200mV 0C Model Setup 'reset'
Slack : -0.161
TNS   : -0.311

Type  : Fast 1200mV 0C Model Hold 'clk'
Slack : 0.293
TNS   : 0.000

Type  : Fast 1200mV 0C Model Hold 'reset'
Slack : 0.562
TNS   : 0.000

Type  : Fast 1200mV 0C Model Recovery 'clk'
Slack : -0.847
TNS   : -3.388

Type  : Fast 1200mV 0C Model Removal 'clk'
Slack : 0.585
TNS   : 0.000

Type  : Fast 1200mV 0C Model Minimum Pulse Width 'clk'
Slack : -3.000
TNS   : -7.308

Type  : Fast 1200mV 0C Model Minimum Pulse Width 'reset'
Slack : -3.000
TNS   : -3.000

------------------------------------------------------------
